HI-TECH Software C Compiler 

Linker command line:

--edf=C:\Program Files\HI-TECH Software\PICC\9.83\dat\en_msgs.txt -cs \
  -h+Project.sym -z -Q16F877A -ol.obj -MProject.map -E1 -ACONST=00h-0FFhx32 \
  -ACODE=00h-07FFhx4 -ASTRCODE=00h-01FFFh -AENTRY=00h-0FFhx32 \
  -ASTRING=00h-0FFhx32 -ABANK0=020h-06Fh -ABANK1=0A0h-0EFh \
  -ABANK2=0110h-016Fh -ABANK3=0190h-01EFh \
  -ARAM=020h-06Fh,0A0h-0EFh,0110h-016Fh,0190h-01EFh \
  -AABS1=020h-07Fh,0A0h-0EFh,0110h-016Fh,0190h-01EFh -ACOMMON=070h-07Fh \
  -ASFR0=00h-01Fh -ASFR1=080h-09Fh -ASFR2=0100h-010Fh -ASFR3=0180h-018Fh \
  -preset_vec=00h,intentry,init,end_init -ppowerup=CODE -pfunctab=CODE \
  -ACONFIG=02007h-02007h -pconfig=CONFIG -DCONFIG=2 -AIDLOC=02000h-02003h \
  -pidloc=IDLOC -DIDLOC=2 -AEEDATA=00h-0FFh/02100h -peeprom_data=EEDATA \
  -DEEDATA=2 -DCODE=2 -DSTRCODE=2 -DSTRING=2 -DCONST=2 -DENTRY=2 -k \
  startup.obj Project.obj 

Object code version is 3.10

Machine type is 16F877A



                Name                               Link     Load   Length Selector   Space Scale
startup.obj     end_init                              0        0        3        0       0
Project.obj     text94                              647      647       13      C8E       0
                text92                              65A      65A       62      CB4       0
                text90                              739      739       C7      E72       0
                cstackBANK0                          20       20       1B       20       1
                cstackCOMMON                         70       70        C       70       1
                bssBANK0                             3B       3B        4       20       1
                bssCOMMON                            7C       7C        2       70       1
                cinit                               63D      63D        A      C7A       0
                maintext                            6BC      6BC       7D      D78       0

TOTAL           Name                               Link     Load   Length     Space
        CLASS   CONST          

        CLASS   CODE           
                end_init                              0        0        3         0
                text94                              647      647       13         0
                text92                              65A      65A       62         0
                text90                              739      739       C7         0
                cinit                               63D      63D        A         0
                maintext                            6BC      6BC       7D         0

        CLASS   STRCODE        

        CLASS   ENTRY          

        CLASS   STRING         

        CLASS   BANK0          
                cstackBANK0                          20       20       1B         1
                bssBANK0                             3B       3B        4         1

        CLASS   BANK1          

        CLASS   BANK2          

        CLASS   BANK3          

        CLASS   RAM            

        CLASS   ABS1           
                abs_s1                               7E       7E        2         1

        CLASS   COMMON         
                cstackCOMMON                         70       70        C         1
                bssCOMMON                            7C       7C        2         1

        CLASS   SFR0           

        CLASS   SFR1           

        CLASS   SFR2           

        CLASS   SFR3           

        CLASS   CONFIG         

        CLASS   IDLOC          

        CLASS   EEDATA         



SEGMENTS        Name                           Load    Length   Top    Selector   Space  Class     Delta

                reset_vec                      000000  000003  000003         0       0  CODE        2
                cstackBANK0                    000020  00001F  00003F        20       1  BANK0       1
                cstackCOMMON                   000070  00000E  00007E        70       1  COMMON      1
                cinit                          00063D  00000A  000647       C7A       0  CODE        2
                text94                         000647  000013  00065A       C8E       0  CODE        2
                text92                         00065A  000062  0006BC       CB4       0  CODE        2
                maintext                       0006BC  00007D  000739       D78       0  CODE        2
                text90                         000739  0000C7  000800       E72       0  CODE        2


UNUSED ADDRESS RANGES

        Name                Unused          Largest block    Delta
        BANK0            03F-06F            31           1
        BANK1            0A0-0EF            50           1
        BANK2            110-16F            60           1
        BANK3            190-1EF            60           1
        CODE             003-63C           63A           2
                         800-1FFF           800
        CONFIG           2007-2007             1           2
        CONST            003-63C           100           2
                         800-1FFF           100
        EEDATA           2100-21FF           100           2
        ENTRY            003-63C           100           2
                         800-1FFF           100
        IDLOC            2000-2003             4           2
        RAM              03F-06F            31           1
                         0A0-0EF            50
                         110-16F            60
                         190-1EF            60
        SFR0             000-01F            20           1
        SFR1             080-09F            20           1
        SFR2             100-10F            10           1
        SFR3             180-18F            10           1
        STRCODE          003-63C           63A           2
                         800-1FFF          1800
        STRING           003-63C           100           2
                         800-1FFF           100

                                  Symbol Table

??___ftmul             cstackBANK0  032
??___ftpack            cstackCOMMON 075
??___fttol             cstackBANK0  020
??___lwtoft            cstackCOMMON 07C
??_delay_10us          cstackCOMMON 072
??_main                cstackCOMMON 07C
?___ftmul              cstackBANK0  02C
?___ftpack             cstackCOMMON 070
?___fttol              cstackCOMMON 078
?___lwtoft             cstackBANK0  029
?_delay_10us           cstackCOMMON 070
?_main                 cstackCOMMON 070
_ADCON1                (abs)        09F
_CCP1CON               (abs)        017
_CCP1IF                (abs)        062
_CCPR1H                (abs)        016
_CCPR1L                (abs)        015
_OPTION_REG            (abs)        081
_PORTD                 (abs)        008
_RA1                   (abs)        029
_RC1                   (abs)        039
_T0IF                  (abs)        05A
_TMR0                  (abs)        001
_TRISA1                (abs)        429
_TRISC1                (abs)        439
_TRISC2                (abs)        43A
_TRISD                 (abs)        088
__Habs1                abs1         000
__Hbank0               bank0        000
__Hbank1               bank1        000
__Hbank2               bank2        000
__Hbank3               bank3        000
__HbssBANK0            bssBANK0     000
__HbssCOMMON           bssCOMMON    000
__Hcinit               cinit        000
__Hclrtext             clrtext      000
__Hcode                code         000
__Hcommon              common       000
__Hconfig              config       000
__HcstackBANK0         cstackBANK0  000
__HcstackCOMMON        cstackCOMMON 000
__Heeprom_data         eeprom_data  000
__Hend_init            end_init     003
__Hfunctab             functab      000
__Hidloc               idloc        000
__Hinit                init         000
__Hintentry            intentry     000
__Hmaintext            maintext     000
__Hpa_nodes            pa_nodes     000
__Hpowerup             powerup      000
__Hram                 ram          000
__Hreset_vec           reset_vec    000
__Hsfr0                sfr0         000
__Hsfr1                sfr1         000
__Hsfr2                sfr2         000
__Hsfr3                sfr3         000
__Hstrings             strings      000
__Htext                text         000
__Labs1                abs1         000
__Lbank0               bank0        000
__Lbank1               bank1        000
__Lbank2               bank2        000
__Lbank3               bank3        000
__LbssBANK0            bssBANK0     000
__LbssCOMMON           bssCOMMON    000
__Lcinit               cinit        000
__Lclrtext             clrtext      000
__Lcode                code         000
__Lcommon              common       000
__Lconfig              config       000
__LcstackBANK0         cstackBANK0  000
__LcstackCOMMON        cstackCOMMON 000
__Leeprom_data         eeprom_data  000
__Lend_init            end_init     000
__Lfunctab             functab      000
__Lidloc               idloc        000
__Linit                init         000
__Lintentry            intentry     000
__Lmaintext            maintext     000
__Lpa_nodes            pa_nodes     000
__Lpowerup             powerup      000
__Lram                 ram          000
__Lreset_vec           reset_vec    000
__Lsfr0                sfr0         000
__Lsfr1                sfr1         000
__Lsfr2                sfr2         000
__Lsfr3                sfr3         000
__Lstrings             strings      000
__Ltext                text         000
__S0                   (abs)        800
__S1                   (abs)        07E
__S2                   (abs)        000
___ftmul               text90       749
___ftmul@cntr          cstackBANK0  039
___ftmul@exp           cstackBANK0  035
___ftmul@f1            cstackBANK0  02C
___ftmul@f2            cstackBANK0  02F
___ftmul@f3_as_product cstackBANK0  036
___ftmul@sign          cstackBANK0  03A
___ftpack              text90       7B8
___ftpack@arg          cstackCOMMON 070
___ftpack@exp          cstackCOMMON 073
___ftpack@sign         cstackCOMMON 074
___fttol               text92       65A
___fttol@exp1          cstackBANK0  028
___fttol@f1            cstackCOMMON 078
___fttol@lval          cstackBANK0  024
___fttol@sign1         cstackBANK0  023
___lwtoft              text90       739
___lwtoft@c            cstackBANK0  029
__end_of___ftmul       text90       7B8
__end_of___ftpack      text90       7F6
__end_of___fttol       text92       6B5
__end_of___lwtoft      text90       749
__end_of_delay_10us    text94       65A
__end_of_main          maintext     739
__pbssBANK0            bssBANK0     03B
__pbssCOMMON           bssCOMMON    07C
__pcstackBANK0         cstackBANK0  020
__pcstackCOMMON        cstackCOMMON 070
__pmaintext            maintext     6BC
__ptext90              text90       739
__ptext91              text90       749
__ptext92              text92       65A
__ptext93              text90       7B8
__ptext94              text94       647
__ptext95              text95       000
__size_of___ftmul      (abs)        000
__size_of___ftpack     (abs)        000
__size_of___fttol      (abs)        000
__size_of___lwtoft     (abs)        000
__size_of_delay_10us   (abs)        000
__size_of_main         (abs)        000
_delay_10us            text94       647
_exit                  init         000
_i                     bssCOMMON    07C
_main                  maintext     6BC
_s                     bssBANK0     03B
_t                     bssBANK0     03D
btemp                  (abs)        07E
delay_10us@n           cstackCOMMON 070
end_of_initialization  cinit        643
intlevel0              functab      000
intlevel1              functab      000
intlevel2              functab      000
intlevel3              functab      000
intlevel4              functab      000
intlevel5              functab      000
l1619                                  
l1996                                  
l2000                                  
l2004                                  
l2006                                  
l2026                                  
l2028                                  
l2030                                  
l2032                                  
l2038                                  
l2040                                  
l2042                                  
l2044                                  
l2046                                  
l2054                                  
l2064                                  
l2070                                  
l2084                                  
l2086                                  
l2088                                  
l2090                                  
l2092                                  
l2094                                  
l2096                                  
l2098                                  
l2106                                  
l2108                                  
l2110                                  
l2118                                  
l2120                                  
l2122                                  
l2126                                  
l2130                                  
l2132                                  
l2134                                  
l2136                                  
l2138                                  
l2140                                  
l2142                                  
l2144                                  
l2146                                  
l2148                                  
l2150                                  
l2152                                  
l2154                                  
l2156                                  
l2160                                  
l2162                                  
l2164                                  
l2166                                  
l2168                                  
l2172                                  
l2178                                  
l2180                                  
l2182                                  
l713                                   
reset_vec              reset_vec    000
start                  init         000
start_initialization   cinit        63D
u380                                   
wtemp0                 (abs)        07E
