HI-TECH Software C Compiler 

Linker command line:

--edf=C:\Program Files (x86)\HI-TECH Software\PICC\9.82\dat\en_msgs.txt -cs \
  -h+project.sym -z -Q16F877A -ol.obj -Mproject.map -E1 -ACONST=00h-0FFhx32 \
  -ACODE=00h-07FFhx4 -ASTRCODE=00h-01FFFh -AENTRY=00h-0FFhx32 \
  -ASTRING=00h-0FFhx32 -ABANK0=020h-06Fh -ABANK1=0A0h-0EFh \
  -ABANK2=0110h-016Fh -ABANK3=0190h-01EFh \
  -ARAM=020h-06Fh,0A0h-0EFh,0110h-016Fh,0190h-01EFh \
  -AABS1=020h-07Fh,0A0h-0EFh,0110h-016Fh,0190h-01EFh -ACOMMON=070h-07Fh \
  -ASFR0=00h-01Fh -ASFR1=080h-09Fh -ASFR2=0100h-010Fh -ASFR3=0180h-018Fh \
  -preset_vec=00h,intentry,init,end_init -ppowerup=CODE -pfunctab=CODE \
  -ACONFIG=02007h-02007h -pconfig=CONFIG -DCONFIG=2 -AIDLOC=02000h-02003h \
  -pidloc=IDLOC -DIDLOC=2 -AEEDATA=00h-0FFh/02100h -peeprom_data=EEDATA \
  -DEEDATA=2 -DCODE=2 -DSTRCODE=2 -DSTRING=2 -DCONST=2 -DENTRY=2 -k \
  startup.obj project.obj 

Object code version is 3.10

Machine type is 16F877A



                Name                               Link     Load   Length Selector   Space Scale
startup.obj     end_init                              0        0        3        0       0
project.obj     text142                             732      732        E      E64       0
                text141                             782      782       24      F04       0
                text140                             724      724        7      E48       0
                text139                             72B      72B        7      E56       0
                text138                             740      740       21      E80       0
                text137                             761      761       21      EC2       0
                maintext                            7A6      7A6       5A      F4C       0
                cstackCOMMON                         70       70        6       70       1
                bssCOMMON                            76       76        2       70       1
                cinit                               71E      71E        6      E3C       0

TOTAL           Name                               Link     Load   Length     Space
        CLASS   CONST          

        CLASS   CODE           
                end_init                              0        0        3         0
                text142                             732      732        E         0
                text141                             782      782       24         0
                text140                             724      724        7         0
                text139                             72B      72B        7         0
                text138                             740      740       21         0
                text137                             761      761       21         0
                maintext                            7A6      7A6       5A         0
                cinit                               71E      71E        6         0

        CLASS   STRCODE        

        CLASS   ENTRY          

        CLASS   STRING         

        CLASS   BANK0          

        CLASS   BANK1          

        CLASS   BANK2          

        CLASS   BANK3          

        CLASS   RAM            

        CLASS   ABS1           
                abs_s1                               7E       7E        2         1

        CLASS   COMMON         
                cstackCOMMON                         70       70        6         1
                bssCOMMON                            76       76        2         1

        CLASS   SFR0           

        CLASS   SFR1           

        CLASS   SFR2           

        CLASS   SFR3           

        CLASS   CONFIG         

        CLASS   IDLOC          

        CLASS   EEDATA         



SEGMENTS        Name                           Load    Length   Top    Selector   Space  Class     Delta

                reset_vec                      000000  000003  000003         0       0  CODE        2
                cstackCOMMON                   000070  000008  000078        70       1  COMMON      1
                cinit                          00071E  000006  000724       E3C       0  CODE        2
                text140                        000724  000007  00072B       E48       0  CODE        2
                text139                        00072B  000007  000732       E56       0  CODE        2
                text142                        000732  00000E  000740       E64       0  CODE        2
                text138                        000740  000021  000761       E80       0  CODE        2
                text137                        000761  000021  000782       EC2       0  CODE        2
                text141                        000782  000024  0007A6       F04       0  CODE        2
                maintext                       0007A6  00005A  000800       F4C       0  CODE        2


UNUSED ADDRESS RANGES

        Name                Unused          Largest block    Delta
        BANK0            0020-006F             50           1
        BANK1            00A0-00EF             50           1
        BANK2            0110-016F             60           1
        BANK3            0190-01EF             60           1
        CODE             0003-071D            71B           2
                         0800-1FFF            800
        COMMON           0078-007D              6           1
        CONFIG           2007-2007              1           2
        CONST            0003-071D            100           2
                         0800-1FFF            100
        EEDATA           2100-21FF            100           2
        ENTRY            0003-071D            100           2
                         0800-1FFF            100
        IDLOC            2000-2003              4           2
        RAM              0020-006F             50           1
                         00A0-00EF             50
                         0110-016F             60
                         0190-01EF             60
        SFR0             0000-001F             20           1
        SFR1             0080-009F             20           1
        SFR2             0100-010F             10           1
        SFR3             0180-018F             10           1
        STRCODE          0003-071D            71B           2
                         0800-1FFF           1800
        STRING           0003-071D            100           2
                         0800-1FFF            100

                                  Symbol Table

??_delay_10ms              cstackCOMMON 0072
??_init                    cstackCOMMON 0070
??_main                    cstackCOMMON 0076
??_motion_Forward          cstackCOMMON 0070
??_motion_LeftTurn         cstackCOMMON 0074
??_motion_RightTurn        cstackCOMMON 0074
??_motion_Stop             cstackCOMMON 0070
?_delay_10ms               cstackCOMMON 0070
?_init                     cstackCOMMON 0070
?_main                     cstackCOMMON 0070
?_motion_Forward           cstackCOMMON 0070
?_motion_LeftTurn          cstackCOMMON 0072
?_motion_RightTurn         cstackCOMMON 0072
?_motion_Stop              cstackCOMMON 0070
_CARRY                     (abs)        0018
_EEADR                     (abs)        010D
_EECON1                    (abs)        018C
_EECON2                    (abs)        018D
_EEDATA                    (abs)        010C
_GIE                       (abs)        005F
_OPTION_REG                (abs)        0081
_RC4                       (abs)        003C
_RC5                       (abs)        003D
_RC6                       (abs)        003E
_RC7                       (abs)        003F
_RD                        (abs)        0C60
_RD1                       (abs)        0041
_T0IF                      (abs)        005A
_TMR0                      (abs)        0001
_TRISC4                    (abs)        043C
_TRISC5                    (abs)        043D
_TRISC6                    (abs)        043E
_TRISC7                    (abs)        043F
_TRISD1                    (abs)        0441
_WR                        (abs)        0C61
_WREN                      (abs)        0C62
__Habs1                    abs1         0000
__Hbank0                   bank0        0000
__Hbank1                   bank1        0000
__Hbank2                   bank2        0000
__Hbank3                   bank3        0000
__HbssCOMMON               bssCOMMON    0000
__Hcinit                   cinit        0000
__Hclrtext                 clrtext      0000
__Hcode                    code         0000
__Hcommon                  common       0000
__Hconfig                  config       0000
__HcstackCOMMON            cstackCOMMON 0000
__Heeprom_data             eeprom_data  0000
__Hend_init                end_init     0003
__Hfunctab                 functab      0000
__Hidloc                   idloc        0000
__Hinit                    init         0000
__Hintentry                intentry     0000
__Hmaintext                maintext     0000
__Hpowerup                 powerup      0000
__Hram                     ram          0000
__Hreset_vec               reset_vec    0000
__Hsfr0                    sfr0         0000
__Hsfr1                    sfr1         0000
__Hsfr2                    sfr2         0000
__Hsfr3                    sfr3         0000
__Hstrings                 strings      0000
__Htext                    text         0000
__Labs1                    abs1         0000
__Lbank0                   bank0        0000
__Lbank1                   bank1        0000
__Lbank2                   bank2        0000
__Lbank3                   bank3        0000
__LbssCOMMON               bssCOMMON    0000
__Lcinit                   cinit        0000
__Lclrtext                 clrtext      0000
__Lcode                    code         0000
__Lcommon                  common       0000
__Lconfig                  config       0000
__LcstackCOMMON            cstackCOMMON 0000
__Leeprom_data             eeprom_data  0000
__Lend_init                end_init     0000
__Lfunctab                 functab      0000
__Lidloc                   idloc        0000
__Linit                    init         0000
__Lintentry                intentry     0000
__Lmaintext                maintext     0000
__Lpowerup                 powerup      0000
__Lram                     ram          0000
__Lreset_vec               reset_vec    0000
__Lsfr0                    sfr0         0000
__Lsfr1                    sfr1         0000
__Lsfr2                    sfr2         0000
__Lsfr3                    sfr3         0000
__Lstrings                 strings      0000
__Ltext                    text         0000
__S0                       (abs)        0800
__S1                       (abs)        0078
__S2                       (abs)        0000
__end_of_delay_10ms        text141      07A6
__end_of_init              text142      0740
__end_of_main              maintext     0800
__end_of_motion_Forward    text140      072B
__end_of_motion_LeftTurn   text138      0761
__end_of_motion_RightTurn  text137      0782
__end_of_motion_Stop       text139      0732
__pbssCOMMON               bssCOMMON    0076
__pcstackCOMMON            cstackCOMMON 0070
__pmaintext                maintext     07A6
__ptext136                 text136      0000
__ptext137                 text137      0761
__ptext138                 text138      0740
__ptext139                 text139      072B
__ptext140                 text140      0724
__ptext141                 text141      0782
__ptext142                 text142      0732
__ptext143                 text143      0000
__size_of_delay_10ms       (abs)        0000
__size_of_init             (abs)        0000
__size_of_main             (abs)        0000
__size_of_motion_Forward   (abs)        0000
__size_of_motion_LeftTurn  (abs)        0000
__size_of_motion_RightTurn (abs)        0000
__size_of_motion_Stop      (abs)        0000
_delay_10ms                text141      0782
_exit                      init         0000
_i                         bssCOMMON    0076
_init                      text142      0732
_main                      maintext     07A6
_motion_Forward            text140      0724
_motion_LeftTurn           text138      0740
_motion_RightTurn          text137      0761
_motion_Stop               text139      072B
btemp                      (abs)        007E
delay_10ms@n               cstackCOMMON 0070
end_of_initialization      cinit        0720
intlevel0                  functab      0000
intlevel1                  functab      0000
intlevel2                  functab      0000
intlevel3                  functab      0000
intlevel4                  functab      0000
intlevel5                  functab      0000
motion_LeftTurn@angle      cstackCOMMON 0072
motion_RightTurn@angle     cstackCOMMON 0072
reset_vec                  reset_vec    0000
start                      init         0000
start_initialization       cinit        071E
wtemp0                     (abs)        007E
